BL51 BANKED LINKER/LOCATER V6.22                                                        10/12/2012  13:10:59  PAGE 1


BL51 BANKED LINKER/LOCATER V6.22, INVOKED BY:
D:\KEIL\C51\BIN\BL51.EXE Test.obj TO test RAMSIZE (256)


MEMORY MODEL: SMALL


INPUT MODULES INCLUDED:
  Test.obj (TEST)
  D:\KEIL\C51\LIB\C51S.LIB (?C_STARTUP)
  D:\KEIL\C51\LIB\C51S.LIB (?C?COPY)
  D:\KEIL\C51\LIB\C51S.LIB (?C?CLDPTR)
  D:\KEIL\C51\LIB\C51S.LIB (?C?CSTOPTR)
  D:\KEIL\C51\LIB\C51S.LIB (?C_INIT)


LINK MAP OF MODULE:  test (TEST)


            TYPE    BASE      LENGTH    RELOCATION   SEGMENT NAME
            -----------------------------------------------------

            * * * * * * *   D A T A   M E M O R Y   * * * * * * *
            REG     0000H     0008H     ABSOLUTE     "REG BANK 0"
            DATA    0008H     000AH     UNIT         ?DT?TEST
                    0012H     000EH                  *** GAP ***
            DATA    0020H     0001H     BIT_ADDR     ?BA?TEST
            DATA    0021H     0031H     UNIT         _DATA_GROUP_
            IDATA   0052H     0001H     UNIT         ?STACK

            * * * * * * *   C O D E   M E M O R Y   * * * * * * *
            CODE    0000H     0003H     ABSOLUTE     
            CODE    0003H     0131H     UNIT         ?C?LIB_CODE
            CODE    0134H     00D2H     UNIT         ?PR?MAIN?TEST
            CODE    0206H     008CH     UNIT         ?C_C51STARTUP
            CODE    0292H     0043H     UNIT         ?PR?INIT_NRF24L01?TEST
            CODE    02D5H     0039H     UNIT         ?PR?_SPI_WRITE_BUF?TEST
            CODE    030EH     0031H     UNIT         ?PR?_SPI_READ_BUF?TEST
            CODE    033FH     002EH     UNIT         ?PR?_NRF24L01_RXPACKET?TEST
            CODE    036DH     002BH     UNIT         ?PR?_NRF24L01_TXPACKET?TEST
            CODE    0398H     0028H     UNIT         ?CO?TEST
            CODE    03C0H     0023H     UNIT         ?PR?_DELAY?TEST
            CODE    03E3H     0019H     UNIT         ?PR?_SPI_RW?TEST
            CODE    03FCH     0011H     UNIT         ?PR?_SPI_RW_REG?TEST
            CODE    040DH     0010H     UNIT         ?PR?SETRX_MODE?TEST
            CODE    041DH     000FH     UNIT         ?C_INITSEG
            CODE    042CH     000DH     UNIT         ?PR?_SPI_READ?TEST
            CODE    0439H     000BH     UNIT         ?PR?_INERDELAY_US?TEST



OVERLAY MAP OF MODULE:   test (TEST)


SEGMENT                               DATA_GROUP 
  +--> CALLED SEGMENT               START    LENGTH
---------------------------------------------------
?C_C51STARTUP                       -----    -----
BL51 BANKED LINKER/LOCATER V6.22                                                      10/12/2012  13:10:59  PAGE 2


  +--> ?PR?MAIN?TEST
  +--> ?C_INITSEG

?PR?MAIN?TEST                       0021H    0029H
  +--> ?CO?TEST
  +--> ?PR?INIT_NRF24L01?TEST
  +--> ?PR?_NRF24L01_TXPACKET?TEST
  +--> ?PR?_DELAY?TEST
  +--> ?PR?SETRX_MODE?TEST
  +--> ?PR?_NRF24L01_RXPACKET?TEST

?PR?INIT_NRF24L01?TEST              -----    -----
  +--> ?PR?_INERDELAY_US?TEST
  +--> ?PR?_SPI_WRITE_BUF?TEST
  +--> ?PR?_SPI_RW_REG?TEST

?PR?_SPI_WRITE_BUF?TEST             004DH    0005H
  +--> ?PR?_SPI_RW?TEST

?PR?_SPI_RW_REG?TEST                -----    -----
  +--> ?PR?_SPI_RW?TEST

?PR?_NRF24L01_TXPACKET?TEST         004AH    0003H
  +--> ?PR?_SPI_WRITE_BUF?TEST
  +--> ?PR?_SPI_RW_REG?TEST
  +--> ?PR?_INERDELAY_US?TEST

?PR?SETRX_MODE?TEST                 -----    -----
  +--> ?PR?_SPI_RW_REG?TEST
  +--> ?PR?_INERDELAY_US?TEST

?PR?_NRF24L01_RXPACKET?TEST         004AH    0003H
  +--> ?PR?_SPI_READ?TEST
  +--> ?PR?_SPI_READ_BUF?TEST
  +--> ?PR?_SPI_RW_REG?TEST

?PR?_SPI_READ?TEST                  -----    -----
  +--> ?PR?_SPI_RW?TEST

?PR?_SPI_READ_BUF?TEST              004DH    0005H
  +--> ?PR?_SPI_RW?TEST



SYMBOL TABLE OF MODULE:  test (TEST)

  VALUE           TYPE          NAME
  ----------------------------------

  -------         MODULE        TEST
  C:0000H         SYMBOL        _ICE_DUMMY_
  D:0080H         PUBLIC        P0
  D:0090H         PUBLIC        P1
  D:00A0H         PUBLIC        P2
  D:00B0H         PUBLIC        P3
  B:00A0H.3       PUBLIC        CE
  D:00A8H         PUBLIC        IE
BL51 BANKED LINKER/LOCATER V6.22                                                      10/12/2012  13:10:59  PAGE 3


  C:0292H         PUBLIC        init_NRF24L01
  D:0008H         PUBLIC        RX_ADDRESS
  D:000DH         PUBLIC        TX_ADDRESS
  D:00B8H         PUBLIC        IP
  B:00B0H.2       PUBLIC        KEY1
  B:00B0H.3       PUBLIC        KEY2
  B:0020H.6       PUBLIC        RX_DR
  B:0020H.5       PUBLIC        TX_DS
  C:033FH         PUBLIC        _nRF24L01_RxPacket
  C:036DH         PUBLIC        _nRF24L01_TxPacket
  C:0134H         PUBLIC        main
  D:0098H         PUBLIC        SCON
  D:0088H         PUBLIC        TCON
  B:00A0H.1       PUBLIC        MOSI
  B:00A0H.5       PUBLIC        MISO
  C:040DH         PUBLIC        SetRX_Mode
  C:0398H         SYMBOL        _?ix1000
  C:03ACH         SYMBOL        _?ix1001
  D:0020H         PUBLIC        sta
  C:030EH         PUBLIC        _SPI_Read_Buf
  C:042CH         PUBLIC        _SPI_Read
  C:02DCH         PUBLIC        _SPI_Write_Buf
  B:00A0H.4       PUBLIC        SCK
  B:00A0H.0       PUBLIC        CSN
  B:0090H.6       PUBLIC        led1
  D:00C8H         PUBLIC        T2CON
  B:0090H.7       PUBLIC        led2
  C:0439H         PUBLIC        _inerDelay_us
  B:0020H.4       PUBLIC        MAX_RT
  C:03C0H         PUBLIC        _Delay
  C:03FCH         PUBLIC        _SPI_RW_Reg
  C:03E3H         PUBLIC        _SPI_RW
  D:00D0H         PUBLIC        PSW
  -------         PROC          _DELAY
  D:0006H         SYMBOL        s
  -------         DO            
  D:0004H         SYMBOL        i
  -------         ENDDO         
  C:03C0H         LINE#         73
  C:03C0H         LINE#         74
  C:03C0H         LINE#         76
  C:03D1H         LINE#         77
  C:03E2H         LINE#         78
  -------         ENDPROC       _DELAY
  -------         PROC          _INERDELAY_US
  D:0007H         SYMBOL        n
  C:0439H         LINE#         87
  C:0439H         LINE#         88
  C:0439H         LINE#         89
  C:043FH         LINE#         90
  C:0443H         LINE#         91
  -------         ENDPROC       _INERDELAY_US
  -------         PROC          INIT_NRF24L01
  C:0292H         LINE#         95
  C:0292H         LINE#         96
  C:0292H         LINE#         97
  C:0297H         LINE#         98
BL51 BANKED LINKER/LOCATER V6.22                                                      10/12/2012  13:10:59  PAGE 4


  C:0299H         LINE#         99
  C:029BH         LINE#         100
  C:029DH         LINE#         101
  C:02ABH         LINE#         102
  C:02B2H         LINE#         103
  C:02B9H         LINE#         104
  C:02C0H         LINE#         105
  C:02C7H         LINE#         106
  C:02CEH         LINE#         107
  -------         ENDPROC       INIT_NRF24L01
  -------         PROC          _SPI_RW
  D:0007H         SYMBOL        uchar
  -------         DO            
  D:0006H         SYMBOL        bit_ctr
  -------         ENDDO         
  C:03E3H         LINE#         113
  C:03E3H         LINE#         114
  C:03E3H         LINE#         116
  C:03E5H         LINE#         117
  C:03E5H         LINE#         118
  C:03E9H         LINE#         119
  C:03EDH         LINE#         120
  C:03EFH         LINE#         121
  C:03F5H         LINE#         122
  C:03F7H         LINE#         123
  C:03FBH         LINE#         124
  C:03FBH         LINE#         125
  -------         ENDPROC       _SPI_RW
  -------         PROC          _SPI_READ
  D:0007H         SYMBOL        reg
  -------         DO            
  D:0007H         SYMBOL        reg_val
  -------         ENDDO         
  C:042CH         LINE#         130
  C:042CH         LINE#         131
  C:042CH         LINE#         134
  C:042EH         LINE#         135
  C:0431H         LINE#         136
  C:0436H         LINE#         137
  C:0438H         LINE#         139
  C:0438H         LINE#         140
  -------         ENDPROC       _SPI_READ
  -------         PROC          _SPI_RW_REG
  D:0007H         SYMBOL        reg
  D:0005H         SYMBOL        value
  -------         DO            
  D:0004H         SYMBOL        status
  -------         ENDDO         
  C:03FCH         LINE#         144
  C:03FCH         LINE#         145
  C:03FCH         LINE#         148
  C:03FEH         LINE#         149
  C:0403H         LINE#         150
  C:0408H         LINE#         151
  C:040AH         LINE#         153
  C:040CH         LINE#         154
  -------         ENDPROC       _SPI_RW_REG
BL51 BANKED LINKER/LOCATER V6.22                                                      10/12/2012  13:10:59  PAGE 5


  -------         PROC          _SPI_READ_BUF
  D:0007H         SYMBOL        reg
  D:004EH         SYMBOL        pBuf
  D:0051H         SYMBOL        uchars
  -------         DO            
  D:0005H         SYMBOL        status
  D:0004H         SYMBOL        uchar_ctr
  -------         ENDDO         
  C:030EH         LINE#         159
  C:0314H         LINE#         160
  C:0314H         LINE#         163
  C:0316H         LINE#         164
  C:031BH         LINE#         166
  C:0323H         LINE#         167
  C:033AH         LINE#         169
  C:033CH         LINE#         171
  C:033EH         LINE#         172
  -------         ENDPROC       _SPI_READ_BUF
  -------         PROC          L?0043
  -------         ENDPROC       L?0043
  -------         PROC          _SPI_WRITE_BUF
  D:0007H         SYMBOL        reg
  D:004EH         SYMBOL        pBuf
  D:0051H         SYMBOL        uchars
  -------         DO            
  D:0005H         SYMBOL        status
  D:0004H         SYMBOL        uchar_ctr
  -------         ENDDO         
  C:02DCH         LINE#         177
  C:02E2H         LINE#         178
  C:02E2H         LINE#         181
  C:02E4H         LINE#         182
  C:02E9H         LINE#         183
  C:02F1H         LINE#         184
  C:0309H         LINE#         185
  C:030BH         LINE#         186
  C:030DH         LINE#         187
  -------         ENDPROC       _SPI_WRITE_BUF
  -------         PROC          SETRX_MODE
  C:040DH         LINE#         192
  C:040DH         LINE#         193
  C:040DH         LINE#         194
  C:040FH         LINE#         195
  C:0416H         LINE#         196
  C:0418H         LINE#         197
  -------         ENDPROC       SETRX_MODE
  -------         PROC          _NRF24L01_RXPACKET
  D:004AH         SYMBOL        rx_buf
  -------         DO            
  D:0003H         SYMBOL        revale
  -------         ENDDO         
  C:033FH         LINE#         203
  C:0345H         LINE#         204
  C:0345H         LINE#         205
  C:0347H         LINE#         206
  C:034EH         LINE#         207
  C:0351H         LINE#         208
BL51 BANKED LINKER/LOCATER V6.22                                                      10/12/2012  13:10:59  PAGE 6


  C:0351H         LINE#         209
  C:0353H         LINE#         210
  C:0361H         LINE#         211
  C:0363H         LINE#         212
  C:0363H         LINE#         213
  C:036AH         LINE#         214
  C:036CH         LINE#         215
  -------         ENDPROC       _NRF24L01_RXPACKET
  -------         PROC          _NRF24L01_TXPACKET
  D:004AH         SYMBOL        tx_buf
  C:036DH         LINE#         220
  C:0373H         LINE#         221
  C:0373H         LINE#         222
  C:0375H         LINE#         223
  C:037CH         LINE#         224
  C:038AH         LINE#         225
  C:0391H         LINE#         226
  C:0393H         LINE#         227
  -------         ENDPROC       _NRF24L01_TXPACKET
  -------         PROC          MAIN
  -------         DO            
  D:0021H         SYMBOL        tf
  D:0022H         SYMBOL        TxBuf
  D:0036H         SYMBOL        RxBuf
  -------         ENDDO         
  C:0134H         LINE#         230
  C:0134H         LINE#         231
  C:0134H         LINE#         232
  C:0137H         LINE#         233
  C:0148H         LINE#         234
  C:015BH         LINE#         235
  C:015EH         LINE#         236
  C:0162H         LINE#         237
  C:0165H         LINE#         238
  C:0168H         LINE#         239
  C:016BH         LINE#         240
  C:0173H         LINE#         241
  C:017AH         LINE#         242
  C:017DH         LINE#         243
  C:017DH         LINE#         244
  C:017DH         LINE#         245
  C:0180H         LINE#         246
  C:0180H         LINE#         247
  C:0183H         LINE#         248
  C:0186H         LINE#         249
  C:0188H         LINE#         250
  C:018FH         LINE#         251
  C:0191H         LINE#         252
  C:0194H         LINE#         253
  C:0194H         LINE#         254
  C:0197H         LINE#         255
  C:0197H         LINE#         256
  C:019AH         LINE#         257
  C:019DH         LINE#         258
  C:019FH         LINE#         259
  C:01A6H         LINE#         260
  C:01A8H         LINE#         261
BL51 BANKED LINKER/LOCATER V6.22                                                      10/12/2012  13:10:59  PAGE 7


  C:01ABH         LINE#         262
  C:01ABH         LINE#         263
  C:01B0H         LINE#         264
  C:01B0H         LINE#         265
  C:01B9H         LINE#         266
  C:01BCH         LINE#         267
  C:01BEH         LINE#         268
  C:01C0H         LINE#         269
  C:01C7H         LINE#         270
  C:01C7H         LINE#         271
  C:01CAH         LINE#         272
  C:01CDH         LINE#         273
  C:01CFH         LINE#         274
  C:01D6H         LINE#         275
  C:01DFH         LINE#         276
  C:01E5H         LINE#         277
  C:01E5H         LINE#         278
  C:01EAH         LINE#         279
  C:01EAH         LINE#         280
  C:01ECH         LINE#         281
  C:01ECH         LINE#         282
  C:01F1H         LINE#         283
  C:01F1H         LINE#         284
  C:01F3H         LINE#         285
  C:01F3H         LINE#         286
  C:01FAH         LINE#         287
  C:01FAH         LINE#         289
  C:01FDH         LINE#         290
  C:01FFH         LINE#         291
  C:0201H         LINE#         292
  C:0203H         LINE#         293
  -------         ENDPROC       MAIN
  -------         ENDMOD        TEST

  -------         MODULE        ?C?COPY
  C:00D3H         PUBLIC        ?C?COPY
  -------         ENDMOD        ?C?COPY

  -------         MODULE        ?C?CLDPTR
  C:00F9H         PUBLIC        ?C?CLDPTR
  -------         ENDMOD        ?C?CLDPTR

  -------         MODULE        ?C?CSTOPTR
  C:0112H         PUBLIC        ?C?CSTOPTR
  -------         ENDMOD        ?C?CSTOPTR

Program Size: data=69.0 xdata=0 code=1092
LINK/LOCATE RUN COMPLETE.  0 WARNING(S),  0 ERROR(S)
